edges
| Test.java:23:21:23:48 | getParameter(...) : String | Test.java:23:5:23:70 | ... + ... |
| Test.java:38:67:38:87 | getPathInfo(...) : String | Test.java:38:30:38:87 | ... + ... |
| Test.java:41:36:41:56 | getPathInfo(...) : String | Test.java:41:36:41:67 | getBytes(...) |
nodes
| Test.java:23:5:23:70 | ... + ... | semmle.label | ... + ... |
| Test.java:23:21:23:48 | getParameter(...) : String | semmle.label | getParameter(...) : String |
| Test.java:38:30:38:87 | ... + ... | semmle.label | ... + ... |
| Test.java:38:67:38:87 | getPathInfo(...) : String | semmle.label | getPathInfo(...) : String |
| Test.java:41:36:41:56 | getPathInfo(...) : String | semmle.label | getPathInfo(...) : String |
| Test.java:41:36:41:67 | getBytes(...) | semmle.label | getBytes(...) |
subpaths
#select
| Test.java:23:5:23:70 | ... + ... | Test.java:23:21:23:48 | getParameter(...) : String | Test.java:23:5:23:70 | ... + ... | Cross-site scripting vulnerability due to $@. | Test.java:23:21:23:48 | getParameter(...) | user-provided value |
| Test.java:38:30:38:87 | ... + ... | Test.java:38:67:38:87 | getPathInfo(...) : String | Test.java:38:30:38:87 | ... + ... | Cross-site scripting vulnerability due to $@. | Test.java:38:67:38:87 | getPathInfo(...) | user-provided value |
| Test.java:41:36:41:67 | getBytes(...) | Test.java:41:36:41:56 | getPathInfo(...) : String | Test.java:41:36:41:67 | getBytes(...) | Cross-site scripting vulnerability due to $@. | Test.java:41:36:41:56 | getPathInfo(...) | user-provided value |
