edges
| test.py:26:22:26:28 | ControlFlowNode for user_id | test.py:27:20:27:26 | ControlFlowNode for user_id |
| test.py:26:31:26:40 | ControlFlowNode for event_body | test.py:28:23:28:32 | ControlFlowNode for event_body |
| test.py:27:20:27:26 | ControlFlowNode for user_id | test.py:27:5:27:8 | [post store] ControlFlowNode for self [Attribute user_id] |
| test.py:28:23:28:32 | ControlFlowNode for event_body | test.py:28:5:28:8 | [post store] ControlFlowNode for self [Attribute event_body] |
| test.py:36:31:36:37 | ControlFlowNode for req_obj [Attribute event_body] | test.py:37:12:37:18 | ControlFlowNode for req_obj [Attribute event_body] |
| test.py:36:31:36:37 | ControlFlowNode for req_obj [Attribute user_id] | test.py:37:33:37:39 | ControlFlowNode for req_obj [Attribute user_id] |
| test.py:37:12:37:18 | ControlFlowNode for req_obj [Attribute event_body] | test.py:37:12:37:29 | ControlFlowNode for Attribute |
| test.py:37:12:37:29 | ControlFlowNode for Attribute | test.py:37:12:37:47 | ControlFlowNode for BinaryExpr |
| test.py:37:33:37:39 | ControlFlowNode for req_obj [Attribute user_id] | test.py:37:33:37:47 | ControlFlowNode for Attribute |
| test.py:37:33:37:47 | ControlFlowNode for Attribute | test.py:37:12:37:47 | ControlFlowNode for BinaryExpr |
| test.py:42:23:42:29 | ControlFlowNode for user_id | test.py:46:37:46:43 | ControlFlowNode for user_id |
| test.py:45:18:45:44 | ControlFlowNode for Attribute | test.py:46:46:46:55 | ControlFlowNode for event_body |
| test.py:46:15:46:56 | ControlFlowNode for UserRoleUpdateRequest() [Attribute event_body] | test.py:49:46:49:52 | ControlFlowNode for req_obj [Attribute event_body] |
| test.py:46:15:46:56 | ControlFlowNode for UserRoleUpdateRequest() [Attribute user_id] | test.py:49:46:49:52 | ControlFlowNode for req_obj [Attribute user_id] |
| test.py:46:37:46:43 | ControlFlowNode for user_id | test.py:26:22:26:28 | ControlFlowNode for user_id |
| test.py:46:37:46:43 | ControlFlowNode for user_id | test.py:46:15:46:56 | ControlFlowNode for UserRoleUpdateRequest() [Attribute user_id] |
| test.py:46:46:46:55 | ControlFlowNode for event_body | test.py:26:31:26:40 | ControlFlowNode for event_body |
| test.py:46:46:46:55 | ControlFlowNode for event_body | test.py:46:15:46:56 | ControlFlowNode for UserRoleUpdateRequest() [Attribute event_body] |
| test.py:49:11:49:53 | ControlFlowNode for Attribute() | test.py:52:12:52:35 | ControlFlowNode for Dict |
| test.py:49:46:49:52 | ControlFlowNode for req_obj [Attribute event_body] | test.py:36:31:36:37 | ControlFlowNode for req_obj [Attribute event_body] |
| test.py:49:46:49:52 | ControlFlowNode for req_obj [Attribute event_body] | test.py:49:11:49:53 | ControlFlowNode for Attribute() |
| test.py:49:46:49:52 | ControlFlowNode for req_obj [Attribute user_id] | test.py:36:31:36:37 | ControlFlowNode for req_obj [Attribute user_id] |
| test.py:49:46:49:52 | ControlFlowNode for req_obj [Attribute user_id] | test.py:49:11:49:53 | ControlFlowNode for Attribute() |
| test.py:52:12:52:35 | ControlFlowNode for Dict | test.py:53:31:53:34 | ControlFlowNode for body |
| test.py:53:31:53:34 | ControlFlowNode for body | test.py:53:12:53:35 | ControlFlowNode for json_response() |
| test.py:53:31:53:34 | ControlFlowNode for body | test.py:107:25:107:28 | ControlFlowNode for body |
| test.py:58:24:58:30 | ControlFlowNode for user_id | test.py:59:12:59:18 | ControlFlowNode for user_id |
| test.py:64:24:64:30 | ControlFlowNode for user_id | test.py:65:31:65:37 | ControlFlowNode for user_id |
| test.py:65:31:65:37 | ControlFlowNode for user_id | test.py:65:12:65:38 | ControlFlowNode for json_response() |
| test.py:65:31:65:37 | ControlFlowNode for user_id | test.py:107:25:107:28 | ControlFlowNode for body |
| test.py:70:24:70:30 | ControlFlowNode for user_id | test.py:71:12:71:18 | ControlFlowNode for user_id |
| test.py:76:24:76:30 | ControlFlowNode for user_id | test.py:77:12:77:42 | ControlFlowNode for Dict |
| test.py:82:24:82:30 | ControlFlowNode for user_id | test.py:83:12:83:31 | ControlFlowNode for Dict |
| test.py:89:9:89:30 | ControlFlowNode for Attribute | test.py:90:12:90:25 | ControlFlowNode for Dict |
| test.py:96:9:96:25 | ControlFlowNode for Attribute | test.py:97:12:97:25 | ControlFlowNode for Dict |
| test.py:103:11:103:35 | ControlFlowNode for Attribute | test.py:103:11:103:53 | ControlFlowNode for Subscript |
| test.py:103:11:103:53 | ControlFlowNode for Subscript | test.py:104:12:104:27 | ControlFlowNode for Dict |
| test.py:107:25:107:28 | ControlFlowNode for body | test.py:108:10:108:49 | ControlFlowNode for Response() |
nodes
| test.py:26:22:26:28 | ControlFlowNode for user_id | semmle.label | ControlFlowNode for user_id |
| test.py:26:31:26:40 | ControlFlowNode for event_body | semmle.label | ControlFlowNode for event_body |
| test.py:27:5:27:8 | [post store] ControlFlowNode for self [Attribute user_id] | semmle.label | [post store] ControlFlowNode for self [Attribute user_id] |
| test.py:27:20:27:26 | ControlFlowNode for user_id | semmle.label | ControlFlowNode for user_id |
| test.py:28:5:28:8 | [post store] ControlFlowNode for self [Attribute event_body] | semmle.label | [post store] ControlFlowNode for self [Attribute event_body] |
| test.py:28:23:28:32 | ControlFlowNode for event_body | semmle.label | ControlFlowNode for event_body |
| test.py:36:31:36:37 | ControlFlowNode for req_obj [Attribute event_body] | semmle.label | ControlFlowNode for req_obj [Attribute event_body] |
| test.py:36:31:36:37 | ControlFlowNode for req_obj [Attribute user_id] | semmle.label | ControlFlowNode for req_obj [Attribute user_id] |
| test.py:37:12:37:18 | ControlFlowNode for req_obj [Attribute event_body] | semmle.label | ControlFlowNode for req_obj [Attribute event_body] |
| test.py:37:12:37:29 | ControlFlowNode for Attribute | semmle.label | ControlFlowNode for Attribute |
| test.py:37:12:37:47 | ControlFlowNode for BinaryExpr | semmle.label | ControlFlowNode for BinaryExpr |
| test.py:37:12:37:47 | ControlFlowNode for BinaryExpr | semmle.label | ControlFlowNode for BinaryExpr |
| test.py:37:33:37:39 | ControlFlowNode for req_obj [Attribute user_id] | semmle.label | ControlFlowNode for req_obj [Attribute user_id] |
| test.py:37:33:37:47 | ControlFlowNode for Attribute | semmle.label | ControlFlowNode for Attribute |
| test.py:42:23:42:29 | ControlFlowNode for user_id | semmle.label | ControlFlowNode for user_id |
| test.py:45:18:45:44 | ControlFlowNode for Attribute | semmle.label | ControlFlowNode for Attribute |
| test.py:46:15:46:56 | ControlFlowNode for UserRoleUpdateRequest() [Attribute event_body] | semmle.label | ControlFlowNode for UserRoleUpdateRequest() [Attribute event_body] |
| test.py:46:15:46:56 | ControlFlowNode for UserRoleUpdateRequest() [Attribute user_id] | semmle.label | ControlFlowNode for UserRoleUpdateRequest() [Attribute user_id] |
| test.py:46:37:46:43 | ControlFlowNode for user_id | semmle.label | ControlFlowNode for user_id |
| test.py:46:46:46:55 | ControlFlowNode for event_body | semmle.label | ControlFlowNode for event_body |
| test.py:49:11:49:53 | ControlFlowNode for Attribute() | semmle.label | ControlFlowNode for Attribute() |
| test.py:49:46:49:52 | ControlFlowNode for req_obj [Attribute event_body] | semmle.label | ControlFlowNode for req_obj [Attribute event_body] |
| test.py:49:46:49:52 | ControlFlowNode for req_obj [Attribute user_id] | semmle.label | ControlFlowNode for req_obj [Attribute user_id] |
| test.py:52:12:52:35 | ControlFlowNode for Dict | semmle.label | ControlFlowNode for Dict |
| test.py:53:12:53:35 | ControlFlowNode for json_response() | semmle.label | ControlFlowNode for json_response() |
| test.py:53:31:53:34 | ControlFlowNode for body | semmle.label | ControlFlowNode for body |
| test.py:58:24:58:30 | ControlFlowNode for user_id | semmle.label | ControlFlowNode for user_id |
| test.py:59:12:59:18 | ControlFlowNode for user_id | semmle.label | ControlFlowNode for user_id |
| test.py:64:24:64:30 | ControlFlowNode for user_id | semmle.label | ControlFlowNode for user_id |
| test.py:65:12:65:38 | ControlFlowNode for json_response() | semmle.label | ControlFlowNode for json_response() |
| test.py:65:31:65:37 | ControlFlowNode for user_id | semmle.label | ControlFlowNode for user_id |
| test.py:70:24:70:30 | ControlFlowNode for user_id | semmle.label | ControlFlowNode for user_id |
| test.py:71:12:71:18 | ControlFlowNode for user_id | semmle.label | ControlFlowNode for user_id |
| test.py:76:24:76:30 | ControlFlowNode for user_id | semmle.label | ControlFlowNode for user_id |
| test.py:77:12:77:42 | ControlFlowNode for Dict | semmle.label | ControlFlowNode for Dict |
| test.py:82:24:82:30 | ControlFlowNode for user_id | semmle.label | ControlFlowNode for user_id |
| test.py:83:12:83:31 | ControlFlowNode for Dict | semmle.label | ControlFlowNode for Dict |
| test.py:89:9:89:30 | ControlFlowNode for Attribute | semmle.label | ControlFlowNode for Attribute |
| test.py:90:12:90:25 | ControlFlowNode for Dict | semmle.label | ControlFlowNode for Dict |
| test.py:96:9:96:25 | ControlFlowNode for Attribute | semmle.label | ControlFlowNode for Attribute |
| test.py:97:12:97:25 | ControlFlowNode for Dict | semmle.label | ControlFlowNode for Dict |
| test.py:103:11:103:35 | ControlFlowNode for Attribute | semmle.label | ControlFlowNode for Attribute |
| test.py:103:11:103:53 | ControlFlowNode for Subscript | semmle.label | ControlFlowNode for Subscript |
| test.py:104:12:104:27 | ControlFlowNode for Dict | semmle.label | ControlFlowNode for Dict |
| test.py:107:25:107:28 | ControlFlowNode for body | semmle.label | ControlFlowNode for body |
| test.py:108:10:108:49 | ControlFlowNode for Response() | semmle.label | ControlFlowNode for Response() |
subpaths
| test.py:46:37:46:43 | ControlFlowNode for user_id | test.py:26:22:26:28 | ControlFlowNode for user_id | test.py:27:5:27:8 | [post store] ControlFlowNode for self [Attribute user_id] | test.py:46:15:46:56 | ControlFlowNode for UserRoleUpdateRequest() [Attribute user_id] |
| test.py:46:46:46:55 | ControlFlowNode for event_body | test.py:26:31:26:40 | ControlFlowNode for event_body | test.py:28:5:28:8 | [post store] ControlFlowNode for self [Attribute event_body] | test.py:46:15:46:56 | ControlFlowNode for UserRoleUpdateRequest() [Attribute event_body] |
| test.py:49:46:49:52 | ControlFlowNode for req_obj [Attribute event_body] | test.py:36:31:36:37 | ControlFlowNode for req_obj [Attribute event_body] | test.py:37:12:37:47 | ControlFlowNode for BinaryExpr | test.py:49:11:49:53 | ControlFlowNode for Attribute() |
| test.py:49:46:49:52 | ControlFlowNode for req_obj [Attribute user_id] | test.py:36:31:36:37 | ControlFlowNode for req_obj [Attribute user_id] | test.py:37:12:37:47 | ControlFlowNode for BinaryExpr | test.py:49:11:49:53 | ControlFlowNode for Attribute() |
| test.py:53:31:53:34 | ControlFlowNode for body | test.py:107:25:107:28 | ControlFlowNode for body | test.py:108:10:108:49 | ControlFlowNode for Response() | test.py:53:12:53:35 | ControlFlowNode for json_response() |
| test.py:65:31:65:37 | ControlFlowNode for user_id | test.py:107:25:107:28 | ControlFlowNode for body | test.py:108:10:108:49 | ControlFlowNode for Response() | test.py:65:12:65:38 | ControlFlowNode for json_response() |
#select
| test.py:53:12:53:35 | ControlFlowNode for json_response() | test.py:42:23:42:29 | ControlFlowNode for user_id | test.py:53:12:53:35 | ControlFlowNode for json_response() | Cross-site scripting vulnerability due to $@. | test.py:42:23:42:29 | ControlFlowNode for user_id | a user-provided value |
| test.py:53:12:53:35 | ControlFlowNode for json_response() | test.py:45:18:45:44 | ControlFlowNode for Attribute | test.py:53:12:53:35 | ControlFlowNode for json_response() | Cross-site scripting vulnerability due to $@. | test.py:45:18:45:44 | ControlFlowNode for Attribute | a user-provided value |
| test.py:59:12:59:18 | ControlFlowNode for user_id | test.py:58:24:58:30 | ControlFlowNode for user_id | test.py:59:12:59:18 | ControlFlowNode for user_id | Cross-site scripting vulnerability due to $@. | test.py:58:24:58:30 | ControlFlowNode for user_id | a user-provided value |
| test.py:65:12:65:38 | ControlFlowNode for json_response() | test.py:64:24:64:30 | ControlFlowNode for user_id | test.py:65:12:65:38 | ControlFlowNode for json_response() | Cross-site scripting vulnerability due to $@. | test.py:64:24:64:30 | ControlFlowNode for user_id | a user-provided value |
| test.py:71:12:71:18 | ControlFlowNode for user_id | test.py:70:24:70:30 | ControlFlowNode for user_id | test.py:71:12:71:18 | ControlFlowNode for user_id | Cross-site scripting vulnerability due to $@. | test.py:70:24:70:30 | ControlFlowNode for user_id | a user-provided value |
| test.py:77:12:77:42 | ControlFlowNode for Dict | test.py:76:24:76:30 | ControlFlowNode for user_id | test.py:77:12:77:42 | ControlFlowNode for Dict | Cross-site scripting vulnerability due to $@. | test.py:76:24:76:30 | ControlFlowNode for user_id | a user-provided value |
| test.py:83:12:83:31 | ControlFlowNode for Dict | test.py:82:24:82:30 | ControlFlowNode for user_id | test.py:83:12:83:31 | ControlFlowNode for Dict | Cross-site scripting vulnerability due to $@. | test.py:82:24:82:30 | ControlFlowNode for user_id | a user-provided value |
| test.py:90:12:90:25 | ControlFlowNode for Dict | test.py:89:9:89:30 | ControlFlowNode for Attribute | test.py:90:12:90:25 | ControlFlowNode for Dict | Cross-site scripting vulnerability due to $@. | test.py:89:9:89:30 | ControlFlowNode for Attribute | a user-provided value |
| test.py:97:12:97:25 | ControlFlowNode for Dict | test.py:96:9:96:25 | ControlFlowNode for Attribute | test.py:97:12:97:25 | ControlFlowNode for Dict | Cross-site scripting vulnerability due to $@. | test.py:96:9:96:25 | ControlFlowNode for Attribute | a user-provided value |
| test.py:104:12:104:27 | ControlFlowNode for Dict | test.py:103:11:103:35 | ControlFlowNode for Attribute | test.py:104:12:104:27 | ControlFlowNode for Dict | Cross-site scripting vulnerability due to $@. | test.py:103:11:103:35 | ControlFlowNode for Attribute | a user-provided value |
